// Jest Snapshot v1, https://goo.gl/fbAQLP

exports[`<Button /> should render a medium button by default - snapshot 1`] = `
.c0 {
  display: -webkit-inline-box;
  display: -webkit-inline-flex;
  display: -ms-inline-flexbox;
  display: inline-flex;
  -webkit-align-items: center;
  -webkit-box-align: center;
  -ms-flex-align: center;
  align-items: center;
  -webkit-box-pack: center;
  -webkit-justify-content: center;
  -ms-flex-pack: center;
  justify-content: center;
  color: #FAFAFA;
  background: linear-gradient(180deg,#ff5f5f 0%,#f062c0 50%);
  border: none;
  border-radius: 0.4rem;
  padding: 0.8rem;
  font-weight: 600;
  outline: none;
  cursor: pointer;
  -webkit-text-decoration: none;
  text-decoration: none;
  height: 4rem;
  font-size: 1.4rem;
  padding: 0.8rem 3.2rem;
}

.c0:hover {
  background: linear-gradient(180deg,#e35565 0%,#d958a6 100%),linear-gradient(180deg,#ff5f5f 0%,#f062c0 50%);
}

.c0 svg {
  margin-right: 0.8rem;
}

.c0 svg {
  width: 1.8rem;
}

<button
  class="c0"
>
  <span>
    Buy now
  </span>
</button>
`;
