// Jest Snapshot v1, https://goo.gl/fbAQLP

exports[`<TextField /> should render error message when is passed 1`] = `
.c7 {
  display: inline-block;
  vertical-align: middle;
  overflow: hidden;
}

.c2 {
  font-size: 1.4rem;
  color: #030517;
  margin-bottom: 0.8rem;
  cursor: pointer;
}

.c4 {
  display: -webkit-box;
  display: -webkit-flex;
  display: -ms-flexbox;
  display: flex;
  -webkit-align-items: center;
  -webkit-box-align: center;
  -ms-flex-align: center;
  align-items: center;
  -webkit-box-pack: justify;
  -webkit-justify-content: space-between;
  -ms-flex-pack: justify;
  justify-content: space-between;
  width: 100%;
  border: 1px solid #EAEAEA;
  border-radius: 0.4rem;
  background-color: #EAEAEA;
  border-radius: 0.4rem;
  padding: 0 0.8rem;
}

.c4:focus-within {
  box-shadow: 0 0 0.5rem #F231A5;
}

.c4 .c8 {
  -webkit-order: 1;
  -ms-flex-order: 1;
  order: 1;
}

.c4 .c5 {
  -webkit-order: 0;
  -ms-flex-order: 0;
  order: 0;
  margin-right: 0.8rem;
}

.c9 {
  -webkit-flex: 1;
  -ms-flex: 1;
  flex: 1;
  width: inherit;
  height: 100%;
  border: none;
  outline: none;
  font-family: Poppins,-apple-system,BlinkMacSystemFont,'Segoe UI',Roboto,Oxygen,Ubuntu,Cantarell,'Open Sans','Helvetica Neue',sans-serif;
  font-size: 1.6rem;
  background-color: transparent;
  padding: 0.8rem 0;
}

.c6 {
  display: -webkit-box;
  display: -webkit-flex;
  display: -ms-flexbox;
  display: flex;
  -webkit-align-items: center;
  -webkit-box-align: center;
  -ms-flex-align: center;
  align-items: center;
  -webkit-box-pack: center;
  -webkit-justify-content: center;
  -ms-flex-pack: center;
  justify-content: center;
  color: #8F8F8F;
}

.c6 svg {
  width: 2.2rem;
}

.c10 {
  display: block;
  margin-top: 0.2rem;
  font-size: 1rem;
  color: #F231A5;
}

.c0 .c1,
.c0 .c5 {
  color: #F231A5;
}

.c0 .c3 {
  border: 1px solid #F231A5;
}

<div
  class="c0"
>
  <label
    class="c1 c2"
    for="email"
  >
    Email
  </label>
  <div
    class="c3 c4"
  >
    <div
      class="c5 c6"
    >
      <svg
        aria-hidden="true"
        class="c7"
        data-testid="icon"
        fill="currentColor"
        focusable="false"
        viewBox="0 0 24 24"
        xmlns="http://www.w3.org/2000/svg"
      >
        <path
          d="M0 0h24v24H0V0z"
          fill="none"
        />
        <path
          d="M22 6c0-1.1-.9-2-2-2H4c-1.1 0-2 .9-2 2v12c0 1.1.9 2 2 2h16c1.1 0 2-.9 2-2V6zm-2 0l-8 5-8-5h16zm0 12H4V8l8 5 8-5v10z"
        />
      </svg>
    </div>
    <input
      class="c8 c9"
      id="email"
      type="text"
      value=""
    />
  </div>
  <small
    class="c10"
  >
    Required field
  </small>
</div>
`
